17:08:05 **** Build of configuration Default for project testProg ****
make all 
CC -I../include -I../src auto.c
CC -I../include -I../src init.c
CC -I../include -I../src opcontrol.c
LN ./bin/auto.o ./bin/init.o ./bin/opcontrol.o ./firmware/libccos.a -lgcc -lm to bin/output.elf
   text	   data	    bss	    dec	    hex	filename
  12668	      0	   3840	  16508	   407c	./bin/output.elf
arm-none-eabi-objcopy ./bin/output.elf -O binary ./bin/output.bin
17:28:46 **** Incremental Build of configuration Default for project testProg ****
make all 
CC -I../include -I../src auto.c
LN ./bin/auto.o ./bin/init.o ./bin/opcontrol.o ./firmware/libccos.a -lgcc -lm to bin/output.elf
   text	   data	    bss	    dec	    hex	filename
  12676	      0	   3840	  16516	   4084	./bin/output.elf
arm-none-eabi-objcopy ./bin/output.elf -O binary ./bin/output.bin
17:37:43 **** Incremental Build of configuration Default for project testProg ****
make all 
CC -I../include -I../src auto.c
LN ./bin/auto.o ./bin/init.o ./bin/opcontrol.o ./firmware/libccos.a -lgcc -lm to bin/output.elf
   text	   data	    bss	    dec	    hex	filename
  12676	      0	   3840	  16516	   4084	./bin/output.elf
arm-none-eabi-objcopy ./bin/output.elf -O binary ./bin/output.bin
17:40:54 **** Incremental Build of configuration Default for project testProg ****
make all 
CC -I../include -I../src auto.c
LN ./bin/auto.o ./bin/init.o ./bin/opcontrol.o ./firmware/libccos.a -lgcc -lm to bin/output.elf
   text	   data	    bss	    dec	    hex	filename
  12672	      0	   3840	  16512	   4080	./bin/output.elf
arm-none-eabi-objcopy ./bin/output.elf -O binary ./bin/output.bin
